{
  "components": {
    "schemas": {
      "Error": {
        "properties": {
          "code": {
            "format": "int32",
            "type": "integer"
          },
          "message": {
            "type": "string"
          }
        },
        "required": [
          "code",
          "message"
        ],
        "type": "object"
      },
      "Pet": {
        "properties": {
          "id": {
            "format": "int64",
            "type": "integer"
          },
          "name": {
            "type": "string"
          },
          "tag": {
            "type": "string"
          }
        },
        "required": [
          "id",
          "name"
        ],
        "type": "object"
      }
    }
  },
  "info": {
    "license": {
      "name": "MIT"
    },
    "title": "Swagger Petstore",
    "version": "1.0.0"
  },
  "openapi": "3.0.0",
  "paths": {
    "/pets/{petId}": {
      "get": {
        "operationId": "showPetById",
        "parameters": [
          {
            "description": "The id of the pet to retrieve",
            "in": "path",
            "name": "petId",
            "required": true,
            "schema": {
              "type": "string"
            }
          }
        ],
        "responses": {
          "200": {
            "content": {
              "application/json": {
                "schema": {
                  "$ref": "#/components/schemas/Pet"
                }
              }
            },
            "description": "Expected response to a valid request"
          },
          "default": {
            "content": {
              "application/json": {
                "schema": {
                  "$ref": "#/components/schemas/Error"
                }
              }
            },
            "description": "unexpected error"
          }
        },
        "summary": "Info for a specific pet",
        "tags": [
          "pets"
        ]
      }
    }
  }
}